[2026-09-25T18:22:53.634+0000] {taskinstance.py:1157} INFO - Dependencies all met for dep_context=non-requeueable deps ti=<TaskInstance: dag_etl_financial_integration.extract_financial_data scheduled__2026-09-24T00:00:00+00:00 [queued]>
[2026-09-25T18:22:53.652+0000] {taskinstance.py:1157} INFO - Dependencies all met for dep_context=requeueable deps ti=<TaskInstance: dag_etl_financial_integration.extract_financial_data scheduled__2026-09-24T00:00:00+00:00 [queued]>
[2026-09-25T18:22:53.653+0000] {taskinstance.py:1359} INFO - Starting attempt 1 of 4
[2026-09-25T18:22:53.672+0000] {taskinstance.py:1380} INFO - Executing <Task(PythonOperator): extract_financial_data> on 2026-09-24 00:00:00+00:00
[2026-09-25T18:22:53.678+0000] {standard_task_runner.py:57} INFO - Started process 190 to run task
[2026-09-25T18:22:53.682+0000] {standard_task_runner.py:84} INFO - Running: ['***', 'tasks', 'run', 'dag_etl_financial_integration', 'extract_financial_data', 'scheduled__2026-09-24T00:00:00+00:00', '--job-id', '3', '--raw', '--subdir', 'DAGS_FOLDER/dag_etl_financial_integration.py', '--cfg-path', '/tmp/tmpj07hhjkj']
[2026-09-25T18:22:53.686+0000] {standard_task_runner.py:85} INFO - Job 3: Subtask extract_financial_data
[2026-09-25T18:22:53.756+0000] {task_command.py:415} INFO - Running <TaskInstance: dag_etl_financial_integration.extract_financial_data scheduled__2026-09-24T00:00:00+00:00 [running]> on host a145b3dcc09a
[2026-09-25T18:22:53.861+0000] {taskinstance.py:1660} INFO - Exporting env vars: AIRFLOW_CTX_DAG_OWNER='finance_etl' AIRFLOW_CTX_DAG_ID='dag_etl_financial_integration' AIRFLOW_CTX_TASK_ID='extract_financial_data' AIRFLOW_CTX_EXECUTION_DATE='2026-09-24T00:00:00+00:00' AIRFLOW_CTX_TRY_NUMBER='1' AIRFLOW_CTX_DAG_RUN_ID='scheduled__2026-09-24T00:00:00+00:00'
[2026-09-25T18:22:54.738+0000] {dag_etl_financial_integration.py:32} ERROR - Erreur d'extraction: Expecting value: line 1 column 1 (char 0)
[2026-09-25T18:22:54.739+0000] {taskinstance.py:1935} ERROR - Task failed with exception
Traceback (most recent call last):
  File "/home/airflow/.local/lib/python3.9/site-packages/requests/models.py", line 971, in json
    return complexjson.loads(self.text, **kwargs)
  File "/usr/local/lib/python3.9/json/__init__.py", line 346, in loads
    return _default_decoder.decode(s)
  File "/usr/local/lib/python3.9/json/decoder.py", line 337, in decode
    obj, end = self.raw_decode(s, idx=_w(s, 0).end())
  File "/usr/local/lib/python3.9/json/decoder.py", line 355, in raw_decode
    raise JSONDecodeError("Expecting value", s, err.value) from None
json.decoder.JSONDecodeError: Expecting value: line 1 column 1 (char 0)

During handling of the above exception, another exception occurred:

Traceback (most recent call last):
  File "/home/airflow/.local/lib/python3.9/site-packages/airflow/operators/python.py", line 192, in execute
    return_value = self.execute_callable()
  File "/home/airflow/.local/lib/python3.9/site-packages/airflow/operators/python.py", line 209, in execute_callable
    return self.python_callable(*self.op_args, **self.op_kwargs)
  File "/opt/airflow/dags/dag_etl_financial_integration.py", line 30, in extract_api_data
    kwargs['ti'].xcom_push(key='raw_api_data', value=response.json())
  File "/home/airflow/.local/lib/python3.9/site-packages/requests/models.py", line 975, in json
    raise RequestsJSONDecodeError(e.msg, e.doc, e.pos)
requests.exceptions.JSONDecodeError: Expecting value: line 1 column 1 (char 0)
[2026-09-25T18:22:54.786+0000] {taskinstance.py:1398} INFO - Marking task as UP_FOR_RETRY. dag_id=dag_etl_financial_integration, task_id=extract_financial_data, execution_date=20260924T000000, start_date=20260925T182253, end_date=20260925T182254
[2026-09-25T18:22:54.805+0000] {standard_task_runner.py:104} ERROR - Failed to execute job 3 for task extract_financial_data (Expecting value: line 1 column 1 (char 0); 190)
[2026-09-25T18:22:54.819+0000] {local_task_job_runner.py:228} INFO - Task exited with return code 1
[2026-09-25T18:22:54.846+0000] {taskinstance.py:2776} INFO - 0 downstream tasks scheduled from follow-on schedule check
