[2026-09-25T17:05:08.004+0000] {manager.py:487} INFO - Processing files using up to 2 processes at a time 
[2026-09-25T17:05:08.005+0000] {manager.py:488} INFO - Process each file at most once every 30 seconds
[2026-09-25T17:05:08.006+0000] {manager.py:489} INFO - Checking for new files in /opt/airflow/dags every 300 seconds
[2026-09-25T17:05:08.007+0000] {manager.py:759} INFO - Searching for files in /opt/airflow/dags
[2026-09-25T17:05:08.012+0000] {manager.py:762} INFO - There are 0 files in /opt/airflow/dags
[2026-09-25T17:10:08.560+0000] {manager.py:759} INFO - Searching for files in /opt/airflow/dags
[2026-09-25T17:10:08.572+0000] {manager.py:762} INFO - There are 0 files in /opt/airflow/dags
[2026-09-25T17:15:09.089+0000] {manager.py:759} INFO - Searching for files in /opt/airflow/dags
[2026-09-25T17:15:09.109+0000] {manager.py:762} INFO - There are 0 files in /opt/airflow/dags
[2026-09-25T17:20:10.054+0000] {manager.py:759} INFO - Searching for files in /opt/airflow/dags
[2026-09-25T17:20:10.076+0000] {manager.py:762} INFO - There are 0 files in /opt/airflow/dags
[2026-09-25T18:15:51.212+0000] {manager.py:487} INFO - Processing files using up to 2 processes at a time 
[2026-09-25T18:15:51.214+0000] {manager.py:488} INFO - Process each file at most once every 30 seconds
[2026-09-25T18:15:51.216+0000] {manager.py:489} INFO - Checking for new files in /opt/airflow/dags every 300 seconds
[2026-09-25T18:15:51.217+0000] {manager.py:759} INFO - Searching for files in /opt/airflow/dags
[2026-09-25T18:15:51.229+0000] {manager.py:762} INFO - There are 0 files in /opt/airflow/dags
[2026-09-25T18:20:51.934+0000] {manager.py:759} INFO - Searching for files in /opt/airflow/dags
[2026-09-25T18:20:51.967+0000] {manager.py:762} INFO - There are 1 files in /opt/airflow/dags
[2026-09-25T18:20:53.317+0000] {manager.py:893} INFO - 
================================================================================
DAG File Processing Stats

File Path                                             PID  Runtime      # DAGs    # Errors  Last Runtime    Last Run
--------------------------------------------------  -----  ---------  --------  ----------  --------------  ----------
/opt/airflow/dags/dag_etl_financial_integration.py    164  1.02s             0           0
================================================================================
[2026-09-25T18:21:23.546+0000] {manager.py:893} INFO - 
================================================================================
DAG File Processing Stats

File Path                                           PID    Runtime      # DAGs    # Errors  Last Runtime    Last Run
--------------------------------------------------  -----  ---------  --------  ----------  --------------  -------------------
/opt/airflow/dags/dag_etl_financial_integration.py                           1           0  2.27s           2026-09-25T18:20:54
================================================================================
[2026-09-25T18:21:53.799+0000] {manager.py:893} INFO - 
================================================================================
DAG File Processing Stats

File Path                                           PID    Runtime      # DAGs    # Errors  Last Runtime    Last Run
--------------------------------------------------  -----  ---------  --------  ----------  --------------  -------------------
/opt/airflow/dags/dag_etl_financial_integration.py                           1           0  0.77s           2026-09-25T18:21:25
================================================================================
[2026-09-25T18:22:24.029+0000] {manager.py:893} INFO - 
================================================================================
DAG File Processing Stats

File Path                                           PID    Runtime      # DAGs    # Errors  Last Runtime    Last Run
--------------------------------------------------  -----  ---------  --------  ----------  --------------  -------------------
/opt/airflow/dags/dag_etl_financial_integration.py                           1           0  0.52s           2026-09-25T18:21:56
================================================================================
[2026-09-25T18:22:54.256+0000] {manager.py:893} INFO - 
================================================================================
DAG File Processing Stats

File Path                                           PID    Runtime      # DAGs    # Errors  Last Runtime    Last Run
--------------------------------------------------  -----  ---------  --------  ----------  --------------  -------------------
/opt/airflow/dags/dag_etl_financial_integration.py                           1           0  0.52s           2026-09-25T18:22:27
================================================================================
[2026-09-25T18:23:24.496+0000] {manager.py:893} INFO - 
================================================================================
DAG File Processing Stats

File Path                                           PID    Runtime      # DAGs    # Errors  Last Runtime    Last Run
--------------------------------------------------  -----  ---------  --------  ----------  --------------  -------------------
/opt/airflow/dags/dag_etl_financial_integration.py                           1           0  0.51s           2026-09-25T18:22:57
================================================================================
[2026-09-25T18:23:54.792+0000] {manager.py:893} INFO - 
================================================================================
DAG File Processing Stats

File Path                                           PID    Runtime      # DAGs    # Errors  Last Runtime    Last Run
--------------------------------------------------  -----  ---------  --------  ----------  --------------  -------------------
/opt/airflow/dags/dag_etl_financial_integration.py                           1           0  0.58s           2026-09-25T18:23:28
================================================================================
[2026-09-25T18:24:25.072+0000] {manager.py:893} INFO - 
================================================================================
DAG File Processing Stats

File Path                                           PID    Runtime      # DAGs    # Errors  Last Runtime    Last Run
--------------------------------------------------  -----  ---------  --------  ----------  --------------  -------------------
/opt/airflow/dags/dag_etl_financial_integration.py                           1           0  0.51s           2026-09-25T18:23:59
================================================================================
[2026-09-25T18:24:55.193+0000] {manager.py:893} INFO - 
================================================================================
DAG File Processing Stats

File Path                                           PID    Runtime      # DAGs    # Errors  Last Runtime    Last Run
--------------------------------------------------  -----  ---------  --------  ----------  --------------  -------------------
/opt/airflow/dags/dag_etl_financial_integration.py                           1           0  0.46s           2026-09-25T18:24:30
================================================================================
[2026-09-25T18:25:25.412+0000] {manager.py:893} INFO - 
================================================================================
DAG File Processing Stats

File Path                                           PID    Runtime      # DAGs    # Errors  Last Runtime    Last Run
--------------------------------------------------  -----  ---------  --------  ----------  --------------  -------------------
/opt/airflow/dags/dag_etl_financial_integration.py                           1           0  0.49s           2026-09-25T18:25:00
================================================================================
[2026-09-25T18:25:52.632+0000] {manager.py:759} INFO - Searching for files in /opt/airflow/dags
[2026-09-25T18:25:52.656+0000] {manager.py:762} INFO - There are 1 files in /opt/airflow/dags
[2026-09-25T18:25:55.706+0000] {manager.py:893} INFO - 
================================================================================
DAG File Processing Stats

File Path                                           PID    Runtime      # DAGs    # Errors  Last Runtime    Last Run
--------------------------------------------------  -----  ---------  --------  ----------  --------------  -------------------
/opt/airflow/dags/dag_etl_financial_integration.py                           1           0  0.52s           2026-09-25T18:25:31
================================================================================
[2026-09-25T18:26:25.999+0000] {manager.py:893} INFO - 
================================================================================
DAG File Processing Stats

File Path                                           PID    Runtime      # DAGs    # Errors  Last Runtime    Last Run
--------------------------------------------------  -----  ---------  --------  ----------  --------------  -------------------
/opt/airflow/dags/dag_etl_financial_integration.py                           1           0  0.53s           2026-09-25T18:26:02
================================================================================
[2026-09-25T18:26:56.217+0000] {manager.py:893} INFO - 
================================================================================
DAG File Processing Stats

File Path                                           PID    Runtime      # DAGs    # Errors  Last Runtime    Last Run
--------------------------------------------------  -----  ---------  --------  ----------  --------------  -------------------
/opt/airflow/dags/dag_etl_financial_integration.py                           1           0  0.55s           2026-09-25T18:26:33
================================================================================
[2026-09-25T18:27:26.455+0000] {manager.py:893} INFO - 
================================================================================
DAG File Processing Stats

File Path                                           PID    Runtime      # DAGs    # Errors  Last Runtime    Last Run
--------------------------------------------------  -----  ---------  --------  ----------  --------------  -------------------
/opt/airflow/dags/dag_etl_financial_integration.py                           1           0  0.54s           2026-09-25T18:27:09
================================================================================
[2026-09-25T18:27:56.629+0000] {manager.py:893} INFO - 
================================================================================
DAG File Processing Stats

File Path                                           PID    Runtime      # DAGs    # Errors  Last Runtime    Last Run
--------------------------------------------------  -----  ---------  --------  ----------  --------------  -------------------
/opt/airflow/dags/dag_etl_financial_integration.py                           1           0  0.88s           2026-09-25T18:27:40
================================================================================
[2026-09-25T18:28:26.976+0000] {manager.py:893} INFO - 
================================================================================
DAG File Processing Stats

File Path                                           PID    Runtime      # DAGs    # Errors  Last Runtime    Last Run
--------------------------------------------------  -----  ---------  --------  ----------  --------------  -------------------
/opt/airflow/dags/dag_etl_financial_integration.py                           1           0  0.65s           2026-09-25T18:28:11
================================================================================
[2026-09-25T18:28:57.195+0000] {manager.py:893} INFO - 
================================================================================
DAG File Processing Stats

File Path                                           PID    Runtime      # DAGs    # Errors  Last Runtime    Last Run
--------------------------------------------------  -----  ---------  --------  ----------  --------------  -------------------
/opt/airflow/dags/dag_etl_financial_integration.py                           1           0  0.67s           2026-09-25T18:28:42
================================================================================
